fonts/Cascadia Code/Cascadia Code Bold.eot
fonts/Cascadia Code/Cascadia Code Bold.otf
fonts/Cascadia Code/Cascadia Code Bold.ttf
fonts/Cascadia Code/Cascadia Code Bold.woff
fonts/Cascadia Code/Cascadia Code Bold.woff2
fonts/Cascadia Code/Cascadia Code Italic.eot
fonts/Cascadia Code/Cascadia Code Italic.otf
fonts/Cascadia Code/Cascadia Code Italic.ttf
fonts/Cascadia Code/Cascadia Code Italic.woff
fonts/Cascadia Code/Cascadia Code Italic.woff2
fonts/Cascadia Code/Cascadia Code Light.eot
fonts/Cascadia Code/Cascadia Code Light.otf
fonts/Cascadia Code/Cascadia Code Light.ttf
fonts/Cascadia Code/Cascadia Code Light.woff
fonts/Cascadia Code/Cascadia Code Light.woff2
fonts/Cascadia Code/Cascadia Code Regular.eot
fonts/Cascadia Code/Cascadia Code Regular.otf
fonts/Cascadia Code/Cascadia Code Regular.ttf
fonts/Cascadia Code/Cascadia Code Regular.woff
fonts/Cascadia Code/Cascadia Code Regular.woff2
fonts/Cascadia Code/Cascadia Code Semi Bold.eot
fonts/Cascadia Code/Cascadia Code Semi Bold.otf
fonts/Cascadia Code/Cascadia Code Semi Bold.ttf
fonts/Cascadia Code/Cascadia Code Semi Bold.woff
fonts/Cascadia Code/Cascadia Code Semi Bold.woff2
fonts/Comic Neue/Comic Neue Bold.eot
fonts/Comic Neue/Comic Neue Bold.otf
fonts/Comic Neue/Comic Neue Bold.ttf
fonts/Comic Neue/Comic Neue Bold.woff
fonts/Comic Neue/Comic Neue Bold.woff2
fonts/Comic Neue/Comic Neue Italic.eot
fonts/Comic Neue/Comic Neue Italic.otf
fonts/Comic Neue/Comic Neue Italic.ttf
fonts/Comic Neue/Comic Neue Italic.woff
fonts/Comic Neue/Comic Neue Italic.woff2
fonts/Comic Neue/Comic Neue Light.eot
fonts/Comic Neue/Comic Neue Light.otf
fonts/Comic Neue/Comic Neue Light.ttf
fonts/Comic Neue/Comic Neue Light.woff
fonts/Comic Neue/Comic Neue Light.woff2
fonts/Comic Neue/Comic Neue Regular.eot
fonts/Comic Neue/Comic Neue Regular.otf
fonts/Comic Neue/Comic Neue Regular.ttf
fonts/Comic Neue/Comic Neue Regular.woff
fonts/Comic Neue/Comic Neue Regular.woff2
fonts/Fira Code/Fira Code Bold.eot
fonts/Fira Code/Fira Code Bold.otf
fonts/Fira Code/Fira Code Bold.ttf
fonts/Fira Code/Fira Code Bold.woff
fonts/Fira Code/Fira Code Bold.woff2
fonts/Fira Code/Fira Code Light.eot
fonts/Fira Code/Fira Code Light.otf
fonts/Fira Code/Fira Code Light.ttf
fonts/Fira Code/Fira Code Light.woff
fonts/Fira Code/Fira Code Light.woff2
fonts/Fira Code/Fira Code Medium.eot
fonts/Fira Code/Fira Code Medium.otf
fonts/Fira Code/Fira Code Medium.ttf
fonts/Fira Code/Fira Code Medium.woff
fonts/Fira Code/Fira Code Medium.woff2
fonts/Fira Code/Fira Code Regular.eot
fonts/Fira Code/Fira Code Regular.otf
fonts/Fira Code/Fira Code Regular.ttf
fonts/Fira Code/Fira Code Regular.woff
fonts/Fira Code/Fira Code Regular.woff2
fonts/Fira Code/Fira Code Semi Bold.eot
fonts/Fira Code/Fira Code Semi Bold.otf
fonts/Fira Code/Fira Code Semi Bold.ttf
fonts/Fira Code/Fira Code Semi Bold.woff
fonts/Fira Code/Fira Code Semi Bold.woff2
fonts/Hack/Hack Bold.eot
fonts/Hack/Hack Bold.otf
fonts/Hack/Hack Bold.ttf
fonts/Hack/Hack Bold.woff
fonts/Hack/Hack Bold.woff2
fonts/Hack/Hack Italic.eot
fonts/Hack/Hack Italic.otf
fonts/Hack/Hack Italic.ttf
fonts/Hack/Hack Italic.woff
fonts/Hack/Hack Italic.woff2
fonts/Hack/Hack Regular.eot
fonts/Hack/Hack Regular.otf
fonts/Hack/Hack Regular.ttf
fonts/Hack/Hack Regular.woff
fonts/Hack/Hack Regular.woff2
fonts/Open Sans/Open Sans Bold.eot
fonts/Open Sans/Open Sans Bold.otf
fonts/Open Sans/Open Sans Bold.ttf
fonts/Open Sans/Open Sans Bold.woff
fonts/Open Sans/Open Sans Bold.woff2
fonts/Open Sans/Open Sans Italic.eot
fonts/Open Sans/Open Sans Italic.otf
fonts/Open Sans/Open Sans Italic.ttf
fonts/Open Sans/Open Sans Italic.woff
fonts/Open Sans/Open Sans Italic.woff2
fonts/Open Sans/Open Sans Light.eot
fonts/Open Sans/Open Sans Light.otf
fonts/Open Sans/Open Sans Light.ttf
fonts/Open Sans/Open Sans Light.woff
fonts/Open Sans/Open Sans Light.woff2
fonts/Open Sans/Open Sans Medium.eot
fonts/Open Sans/Open Sans Medium.otf
fonts/Open Sans/Open Sans Medium.ttf
fonts/Open Sans/Open Sans Medium.woff
fonts/Open Sans/Open Sans Medium.woff2
fonts/Open Sans/Open Sans Regular.eot
fonts/Open Sans/Open Sans Regular.otf
fonts/Open Sans/Open Sans Regular.ttf
fonts/Open Sans/Open Sans Regular.woff
fonts/Open Sans/Open Sans Regular.woff2
fonts/Open Sans/Open Sans Semi Bold.eot
fonts/Open Sans/Open Sans Semi Bold.otf
fonts/Open Sans/Open Sans Semi Bold.ttf
fonts/Open Sans/Open Sans Semi Bold.woff
fonts/Open Sans/Open Sans Semi Bold.woff2
fonts/Roboto Flex/Roboto Flex Regular.eot
fonts/Roboto Flex/Roboto Flex Regular.otf
fonts/Roboto Flex/Roboto Flex Regular.ttf
fonts/Roboto Flex/Roboto Flex Regular.woff
fonts/Roboto Flex/Roboto Flex Regular.woff2
fonts/Roboto Mono/Roboto Mono Bold.eot
fonts/Roboto Mono/Roboto Mono Bold.otf
fonts/Roboto Mono/Roboto Mono Bold.ttf
fonts/Roboto Mono/Roboto Mono Bold.woff
fonts/Roboto Mono/Roboto Mono Bold.woff2
fonts/Roboto Mono/Roboto Mono Italic.eot
fonts/Roboto Mono/Roboto Mono Italic.otf
fonts/Roboto Mono/Roboto Mono Italic.ttf
fonts/Roboto Mono/Roboto Mono Italic.woff
fonts/Roboto Mono/Roboto Mono Italic.woff2
fonts/Roboto Mono/Roboto Mono Light.eot
fonts/Roboto Mono/Roboto Mono Light.otf
fonts/Roboto Mono/Roboto Mono Light.ttf
fonts/Roboto Mono/Roboto Mono Light.woff
fonts/Roboto Mono/Roboto Mono Light.woff2
fonts/Roboto Mono/Roboto Mono Medium.eot
fonts/Roboto Mono/Roboto Mono Medium.otf
fonts/Roboto Mono/Roboto Mono Medium.ttf
fonts/Roboto Mono/Roboto Mono Medium.woff
fonts/Roboto Mono/Roboto Mono Medium.woff2
fonts/Roboto Mono/Roboto Mono Regular.eot
fonts/Roboto Mono/Roboto Mono Regular.otf
fonts/Roboto Mono/Roboto Mono Regular.ttf
fonts/Roboto Mono/Roboto Mono Regular.woff
fonts/Roboto Mono/Roboto Mono Regular.woff2
fonts/Roboto Mono/Roboto Mono Semi Bold.eot
fonts/Roboto Mono/Roboto Mono Semi Bold.otf
fonts/Roboto Mono/Roboto Mono Semi Bold.ttf
fonts/Roboto Mono/Roboto Mono Semi Bold.woff
fonts/Roboto Mono/Roboto Mono Semi Bold.woff2
fonts/Roboto Mono/Roboto Mono Thin.eot
fonts/Roboto Mono/Roboto Mono Thin.otf
fonts/Roboto Mono/Roboto Mono Thin.ttf
fonts/Roboto Mono/Roboto Mono Thin.woff
fonts/Roboto Mono/Roboto Mono Thin.woff2
