fonts/CascadiaCode/CascadiaCode-Bold.eot
fonts/CascadiaCode/CascadiaCode-Bold.otf
fonts/CascadiaCode/CascadiaCode-Bold.ttf
fonts/CascadiaCode/CascadiaCode-Bold.woff
fonts/CascadiaCode/CascadiaCode-Bold.woff2
fonts/CascadiaCode/CascadiaCode-Italic.eot
fonts/CascadiaCode/CascadiaCode-Italic.otf
fonts/CascadiaCode/CascadiaCode-Italic.ttf
fonts/CascadiaCode/CascadiaCode-Italic.woff
fonts/CascadiaCode/CascadiaCode-Italic.woff2
fonts/CascadiaCode/CascadiaCode-Light.eot
fonts/CascadiaCode/CascadiaCode-Light.otf
fonts/CascadiaCode/CascadiaCode-Light.ttf
fonts/CascadiaCode/CascadiaCode-Light.woff
fonts/CascadiaCode/CascadiaCode-Light.woff2
fonts/CascadiaCode/CascadiaCode-Regular.eot
fonts/CascadiaCode/CascadiaCode-Regular.otf
fonts/CascadiaCode/CascadiaCode-Regular.ttf
fonts/CascadiaCode/CascadiaCode-Regular.woff
fonts/CascadiaCode/CascadiaCode-Regular.woff2
fonts/CascadiaCode/CascadiaCode-SemiBold.eot
fonts/CascadiaCode/CascadiaCode-SemiBold.otf
fonts/CascadiaCode/CascadiaCode-SemiBold.ttf
fonts/CascadiaCode/CascadiaCode-SemiBold.woff
fonts/CascadiaCode/CascadiaCode-SemiBold.woff2
fonts/ComicNeue/ComicNeue-Bold.eot
fonts/ComicNeue/ComicNeue-Bold.otf
fonts/ComicNeue/ComicNeue-Bold.ttf
fonts/ComicNeue/ComicNeue-Bold.woff
fonts/ComicNeue/ComicNeue-Bold.woff2
fonts/ComicNeue/ComicNeue-Italic.eot
fonts/ComicNeue/ComicNeue-Italic.otf
fonts/ComicNeue/ComicNeue-Italic.ttf
fonts/ComicNeue/ComicNeue-Italic.woff
fonts/ComicNeue/ComicNeue-Italic.woff2
fonts/ComicNeue/ComicNeue-Light.eot
fonts/ComicNeue/ComicNeue-Light.otf
fonts/ComicNeue/ComicNeue-Light.ttf
fonts/ComicNeue/ComicNeue-Light.woff
fonts/ComicNeue/ComicNeue-Light.woff2
fonts/ComicNeue/ComicNeue-Regular.eot
fonts/ComicNeue/ComicNeue-Regular.otf
fonts/ComicNeue/ComicNeue-Regular.ttf
fonts/ComicNeue/ComicNeue-Regular.woff
fonts/ComicNeue/ComicNeue-Regular.woff2
fonts/FiraCode/FiraCode-Bold.eot
fonts/FiraCode/FiraCode-Bold.otf
fonts/FiraCode/FiraCode-Bold.ttf
fonts/FiraCode/FiraCode-Bold.woff
fonts/FiraCode/FiraCode-Bold.woff2
fonts/FiraCode/FiraCode-Light.eot
fonts/FiraCode/FiraCode-Light.otf
fonts/FiraCode/FiraCode-Light.ttf
fonts/FiraCode/FiraCode-Light.woff
fonts/FiraCode/FiraCode-Light.woff2
fonts/FiraCode/FiraCode-Medium.eot
fonts/FiraCode/FiraCode-Medium.otf
fonts/FiraCode/FiraCode-Medium.ttf
fonts/FiraCode/FiraCode-Medium.woff
fonts/FiraCode/FiraCode-Medium.woff2
fonts/FiraCode/FiraCode-Regular.eot
fonts/FiraCode/FiraCode-Regular.otf
fonts/FiraCode/FiraCode-Regular.ttf
fonts/FiraCode/FiraCode-Regular.woff
fonts/FiraCode/FiraCode-Regular.woff2
fonts/FiraCode/FiraCode-SemiBold.eot
fonts/FiraCode/FiraCode-SemiBold.otf
fonts/FiraCode/FiraCode-SemiBold.ttf
fonts/FiraCode/FiraCode-SemiBold.woff
fonts/FiraCode/FiraCode-SemiBold.woff2
fonts/Hack/Hack-Bold.eot
fonts/Hack/Hack-Bold.otf
fonts/Hack/Hack-Bold.ttf
fonts/Hack/Hack-Bold.woff
fonts/Hack/Hack-Bold.woff2
fonts/Hack/Hack-Italic.eot
fonts/Hack/Hack-Italic.otf
fonts/Hack/Hack-Italic.ttf
fonts/Hack/Hack-Italic.woff
fonts/Hack/Hack-Italic.woff2
fonts/Hack/Hack-Regular.eot
fonts/Hack/Hack-Regular.otf
fonts/Hack/Hack-Regular.ttf
fonts/Hack/Hack-Regular.woff
fonts/Hack/Hack-Regular.woff2
fonts/OpenSans/OpenSans-Bold.eot
fonts/OpenSans/OpenSans-Bold.otf
fonts/OpenSans/OpenSans-Bold.ttf
fonts/OpenSans/OpenSans-Bold.woff
fonts/OpenSans/OpenSans-Bold.woff2
fonts/OpenSans/OpenSans-Italic.eot
fonts/OpenSans/OpenSans-Italic.otf
fonts/OpenSans/OpenSans-Italic.ttf
fonts/OpenSans/OpenSans-Italic.woff
fonts/OpenSans/OpenSans-Italic.woff2
fonts/OpenSans/OpenSans-Light.eot
fonts/OpenSans/OpenSans-Light.otf
fonts/OpenSans/OpenSans-Light.ttf
fonts/OpenSans/OpenSans-Light.woff
fonts/OpenSans/OpenSans-Light.woff2
fonts/OpenSans/OpenSans-Medium.eot
fonts/OpenSans/OpenSans-Medium.otf
fonts/OpenSans/OpenSans-Medium.ttf
fonts/OpenSans/OpenSans-Medium.woff
fonts/OpenSans/OpenSans-Medium.woff2
fonts/OpenSans/OpenSans-Regular.eot
fonts/OpenSans/OpenSans-Regular.otf
fonts/OpenSans/OpenSans-Regular.ttf
fonts/OpenSans/OpenSans-Regular.woff
fonts/OpenSans/OpenSans-Regular.woff2
fonts/OpenSans/OpenSans-SemiBold.eot
fonts/OpenSans/OpenSans-SemiBold.otf
fonts/OpenSans/OpenSans-SemiBold.ttf
fonts/OpenSans/OpenSans-SemiBold.woff
fonts/OpenSans/OpenSans-SemiBold.woff2
fonts/RobotoFlex/RobotoFlex-Regular.eot
fonts/RobotoFlex/RobotoFlex-Regular.otf
fonts/RobotoFlex/RobotoFlex-Regular.ttf
fonts/RobotoFlex/RobotoFlex-Regular.woff
fonts/RobotoFlex/RobotoFlex-Regular.woff2
fonts/RobotoMono/RobotoMono-Bold.eot
fonts/RobotoMono/RobotoMono-Bold.otf
fonts/RobotoMono/RobotoMono-Bold.ttf
fonts/RobotoMono/RobotoMono-Bold.woff
fonts/RobotoMono/RobotoMono-Bold.woff2
fonts/RobotoMono/RobotoMono-Italic.eot
fonts/RobotoMono/RobotoMono-Italic.otf
fonts/RobotoMono/RobotoMono-Italic.ttf
fonts/RobotoMono/RobotoMono-Italic.woff
fonts/RobotoMono/RobotoMono-Italic.woff2
fonts/RobotoMono/RobotoMono-Light.eot
fonts/RobotoMono/RobotoMono-Light.otf
fonts/RobotoMono/RobotoMono-Light.ttf
fonts/RobotoMono/RobotoMono-Light.woff
fonts/RobotoMono/RobotoMono-Light.woff2
fonts/RobotoMono/RobotoMono-Medium.eot
fonts/RobotoMono/RobotoMono-Medium.otf
fonts/RobotoMono/RobotoMono-Medium.ttf
fonts/RobotoMono/RobotoMono-Medium.woff
fonts/RobotoMono/RobotoMono-Medium.woff2
fonts/RobotoMono/RobotoMono-Regular.eot
fonts/RobotoMono/RobotoMono-Regular.otf
fonts/RobotoMono/RobotoMono-Regular.ttf
fonts/RobotoMono/RobotoMono-Regular.woff
fonts/RobotoMono/RobotoMono-Regular.woff2
fonts/RobotoMono/RobotoMono-SemiBold.eot
fonts/RobotoMono/RobotoMono-SemiBold.otf
fonts/RobotoMono/RobotoMono-SemiBold.ttf
fonts/RobotoMono/RobotoMono-SemiBold.woff
fonts/RobotoMono/RobotoMono-SemiBold.woff2
fonts/RobotoMono/RobotoMono-Thin.eot
fonts/RobotoMono/RobotoMono-Thin.otf
fonts/RobotoMono/RobotoMono-Thin.ttf
fonts/RobotoMono/RobotoMono-Thin.woff
fonts/RobotoMono/RobotoMono-Thin.woff2
